Wrong argument parameters.
Wrong argument parameters.
